To honour the JVM settings for this build a single-use Daemon process will be forked. For more on this, please refer to https://docs.gradle.org/9.3.1/userguide/gradle_daemon.html#sec:disabling_the_daemon in the Gradle documentation.
Daemon will be stopped at the end of the build 
> Task :expo-gradle-plugin:expo-autolinking-settings-plugin:checkKotlinGradlePluginConfigurationErrors SKIPPED
> Task :gradle-plugin:shared:checkKotlinGradlePluginConfigurationErrors SKIPPED
> Task :expo-gradle-plugin:expo-autolinking-plugin-shared:checkKotlinGradlePluginConfigurationErrors SKIPPED
> Task :gradle-plugin:settings-plugin:checkKotlinGradlePluginConfigurationErrors SKIPPED
> Task :expo-gradle-plugin:expo-autolinking-settings-plugin:pluginDescriptors UP-TO-DATE
> Task :gradle-plugin:settings-plugin:pluginDescriptors UP-TO-DATE
> Task :expo-gradle-plugin:expo-autolinking-settings-plugin:processResources UP-TO-DATE
> Task :gradle-plugin:settings-plugin:processResources UP-TO-DATE
> Task :gradle-plugin:shared:compileKotlin UP-TO-DATE
> Task :expo-gradle-plugin:expo-autolinking-plugin-shared:compileKotlin UP-TO-DATE
> Task :expo-gradle-plugin:expo-autolinking-plugin-shared:compileJava NO-SOURCE
> Task :gradle-plugin:shared:compileJava NO-SOURCE
> Task :gradle-plugin:shared:processResources NO-SOURCE
> Task :expo-gradle-plugin:expo-autolinking-plugin-shared:processResources NO-SOURCE
> Task :gradle-plugin:shared:classes UP-TO-DATE
> Task :expo-gradle-plugin:expo-autolinking-plugin-shared:classes UP-TO-DATE
> Task :expo-gradle-plugin:expo-autolinking-plugin-shared:jar UP-TO-DATE
> Task :gradle-plugin:shared:jar UP-TO-DATE
> Task :gradle-plugin:settings-plugin:compileKotlin UP-TO-DATE
> Task :gradle-plugin:settings-plugin:compileJava NO-SOURCE
> Task :gradle-plugin:settings-plugin:classes UP-TO-DATE
> Task :gradle-plugin:settings-plugin:jar UP-TO-DATE
> Task :expo-gradle-plugin:expo-autolinking-settings-plugin:compileKotlin UP-TO-DATE
> Task :expo-gradle-plugin:expo-autolinking-settings-plugin:compileJava NO-SOURCE
> Task :expo-gradle-plugin:expo-autolinking-settings-plugin:classes UP-TO-DATE
> Task :expo-gradle-plugin:expo-autolinking-settings-plugin:jar UP-TO-DATE
> Task :expo-gradle-plugin:expo-max-sdk-override-plugin:checkKotlinGradlePluginConfigurationErrors SKIPPED
> Task :expo-gradle-plugin:expo-autolinking-plugin:checkKotlinGradlePluginConfigurationErrors SKIPPED
> Task :expo-module-gradle-plugin:checkKotlinGradlePluginConfigurationErrors SKIPPED
> Task :gradle-plugin:react-native-gradle-plugin:checkKotlinGradlePluginConfigurationErrors SKIPPED
> Task :expo-module-gradle-plugin:pluginDescriptors UP-TO-DATE
> Task :expo-module-gradle-plugin:processResources UP-TO-DATE
> Task :expo-gradle-plugin:expo-autolinking-plugin:compileKotlin UP-TO-DATE
> Task :expo-gradle-plugin:expo-autolinking-plugin:compileJava NO-SOURCE
> Task :expo-gradle-plugin:expo-autolinking-plugin:pluginDescriptors UP-TO-DATE
> Task :expo-gradle-plugin:expo-autolinking-plugin:processResources UP-TO-DATE
> Task :expo-gradle-plugin:expo-autolinking-plugin:classes UP-TO-DATE
> Task :expo-gradle-plugin:expo-autolinking-plugin:jar UP-TO-DATE
> Task :expo-gradle-plugin:expo-max-sdk-override-plugin:compileKotlin UP-TO-DATE
> Task :expo-gradle-plugin:expo-max-sdk-override-plugin:compileJava NO-SOURCE
> Task :expo-gradle-plugin:expo-max-sdk-override-plugin:pluginDescriptors UP-TO-DATE
> Task :expo-gradle-plugin:expo-max-sdk-override-plugin:processResources UP-TO-DATE
> Task :expo-gradle-plugin:expo-max-sdk-override-plugin:classes UP-TO-DATE
> Task :expo-gradle-plugin:expo-max-sdk-override-plugin:jar UP-TO-DATE
> Task :gradle-plugin:react-native-gradle-plugin:compileKotlin UP-TO-DATE
> Task :gradle-plugin:react-native-gradle-plugin:compileJava NO-SOURCE
> Task :gradle-plugin:react-native-gradle-plugin:pluginDescriptors UP-TO-DATE
> Task :gradle-plugin:react-native-gradle-plugin:processResources UP-TO-DATE
> Task :gradle-plugin:react-native-gradle-plugin:classes UP-TO-DATE
> Task :gradle-plugin:react-native-gradle-plugin:jar UP-TO-DATE
> Task :expo-module-gradle-plugin:compileKotlin UP-TO-DATE
> Task :expo-module-gradle-plugin:compileJava NO-SOURCE
> Task :expo-module-gradle-plugin:classes UP-TO-DATE
> Task :expo-module-gradle-plugin:jar UP-TO-DATE

> Configure project :
[32m[ExpoRootProject][0m Using the following versions:
  - buildTools:  [32m36.0.0[0m
  - minSdk:      [32m29[0m
  - compileSdk:  [32m36[0m
  - targetSdk:   [32m36[0m
  - ndk:         [32m27.1.12297006[0m
  - kotlin:      [32m2.1.20[0m
  - ksp:         [32m2.1.20-2.0.1[0m

> Configure project :app
 ??  [33mApplying gradle plugin[0m '[32mexpo-max-sdk-override-plugin[0m'
  [expo-max-sdk-override-plugin] This plugin will find all permissions declared with `android:maxSdkVersion`. If there exists a declaration with the `android:maxSdkVersion` annotation and another one without, the plugin will remove the annotation from the final merged manifest. In order to see a log with the changes run a clean build of the app.

> Configure project :expo

Using expo modules
  - [32mexpo-log-box[0m (57.0.1)
  - [32mexpo-constants[0m (57.0.7)
  - [32mexpo-modules-core[0m (57.0.7)
  - [33m[?][0m [32mexpo-dom-webview[0m (57.0.1)
  - [33m[?][0m [32mexpo-application[0m (57.0.2)
  - [33m[?][0m [32mexpo-asset[0m (57.0.7)
  - [33m[?][0m [32mexpo-file-system[0m (57.0.1)
  - [33m[?][0m [32mexpo-font[0m (57.0.1)
  - [33m[?][0m [32mexpo-keep-awake[0m (57.0.1)
  - [33m[?][0m [32mexpo-notifications[0m (57.0.7)
  - [33m[?][0m [32mexpo-status-bar[0m (57.0.1)


> Task :expo-log-box:preBuild UP-TO-DATE
> Task :expo-log-box:preDebugBuild UP-TO-DATE
> Task :expo-modules-core:preBuild UP-TO-DATE
> Task :expo-modules-core:preDebugBuild UP-TO-DATE
> Task :expo-modules-core:writeDebugAarMetadata UP-TO-DATE
> Task :expo-log-box:writeDebugAarMetadata UP-TO-DATE
> Task :expo:generatePackagesList UP-TO-DATE
> Task :expo:preBuild UP-TO-DATE
> Task :expo:preDebugBuild UP-TO-DATE
> Task :expo-log-box:generateDebugResValues UP-TO-DATE
> Task :expo-modules-core:generateDebugResValues UP-TO-DATE
> Task :expo:writeDebugAarMetadata UP-TO-DATE
> Task :expo-log-box:generateDebugResources UP-TO-DATE
> Task :expo:generateDebugResValues UP-TO-DATE
> Task :expo-modules-core:generateDebugResources UP-TO-DATE
> Task :expo:generateDebugResources UP-TO-DATE
> Task :expo-log-box:packageDebugResources UP-TO-DATE
> Task :expo:packageDebugResources UP-TO-DATE
> Task :expo-modules-core:packageDebugResources UP-TO-DATE
> Task :expo-log-box:extractDeepLinksDebug UP-TO-DATE
> Task :expo:extractDeepLinksDebug UP-TO-DATE
> Task :expo-modules-core:extractDeepLinksDebug UP-TO-DATE
> Task :expo:processDebugManifest UP-TO-DATE
> Task :expo-log-box:processDebugManifest UP-TO-DATE
> Task :expo:compileDebugLibraryResources UP-TO-DATE
> Task :expo-log-box:compileDebugLibraryResources UP-TO-DATE
> Task :expo-modules-core:processDebugManifest UP-TO-DATE
> Task :app:generateAutolinkingNewArchitectureFiles UP-TO-DATE
> Task :expo-modules-core:compileDebugLibraryResources UP-TO-DATE
> Task :react-native-async-storage_async-storage:generateCodegenSchemaFromJavaScript UP-TO-DATE
> Task :expo:parseDebugLocalResources UP-TO-DATE
> Task :expo-log-box:parseDebugLocalResources UP-TO-DATE
> Task :expo-modules-core:parseDebugLocalResources UP-TO-DATE
> Task :react-native-async-storage_async-storage:generateCodegenArtifactsFromSchema UP-TO-DATE
> Task :react-native-async-storage_async-storage:preBuild UP-TO-DATE
> Task :expo:generateDebugRFile UP-TO-DATE
> Task :react-native-async-storage_async-storage:preDebugBuild UP-TO-DATE
> Task :expo:checkKotlinGradlePluginConfigurationErrors SKIPPED
> Task :expo-log-box:generateDebugRFile UP-TO-DATE
> Task :expo-modules-core:generateDebugRFile UP-TO-DATE
> Task :expo-log-box:checkKotlinGradlePluginConfigurationErrors SKIPPED
> Task :expo-modules-core:checkKotlinGradlePluginConfigurationErrors SKIPPED
> Task :react-native-async-storage_async-storage:writeDebugAarMetadata UP-TO-DATE
> Task :expo:generateDebugBuildConfig UP-TO-DATE
> Task :react-native-async-storage_async-storage:generateDebugResValues UP-TO-DATE
> Task :expo:javaPreCompileDebug UP-TO-DATE
> Task :expo:mergeDebugShaders UP-TO-DATE
> Task :react-native-async-storage_async-storage:generateDebugResources UP-TO-DATE
> Task :app:generateAutolinkingPackageList UP-TO-DATE
> Task :expo-log-box:generateDebugBuildConfig UP-TO-DATE
> Task :expo-modules-core:generateDebugBuildConfig UP-TO-DATE
> Task :app:generateCodegenSchemaFromJavaScript SKIPPED
> Task :expo:compileDebugShaders NO-SOURCE
> Task :expo:generateDebugAssets UP-TO-DATE
> Task :expo-log-box:javaPreCompileDebug UP-TO-DATE
> Task :app:generateCodegenArtifactsFromSchema SKIPPED
> Task :app:generateReactNativeEntryPoint UP-TO-DATE
> Task :expo:mergeDebugAssets UP-TO-DATE
> Task :expo-log-box:mergeDebugShaders UP-TO-DATE
> Task :app:checkKotlinGradlePluginConfigurationErrors SKIPPED
> Task :react-native-async-storage_async-storage:packageDebugResources UP-TO-DATE
> Task :expo-log-box:compileDebugShaders NO-SOURCE
> Task :expo:mergeDebugJniLibFolders UP-TO-DATE
> Task :react-native-async-storage_async-storage:extractDeepLinksDebug UP-TO-DATE
> Task :expo-log-box:generateDebugAssets UP-TO-DATE
> Task :expo:mergeDebugNativeLibs NO-SOURCE
> Task :expo:copyDebugJniLibsProjectOnly UP-TO-DATE
> Task :expo:stripDebugDebugSymbols NO-SOURCE
> Task :react-native-async-storage_async-storage:processDebugManifest UP-TO-DATE
> Task :expo:copyDebugJniLibsProjectAndLocalJars UP-TO-DATE
> Task :react-native-async-storage_async-storage:compileDebugLibraryResources UP-TO-DATE
> Task :expo:extractDeepLinksForAarDebug UP-TO-DATE
> Task :expo-log-box:mergeDebugAssets UP-TO-DATE
> Task :expo:prepareDebugArtProfile UP-TO-DATE
> Task :react-native-async-storage_async-storage:parseDebugLocalResources UP-TO-DATE
> Task :expo-log-box:mergeDebugJniLibFolders UP-TO-DATE
> Task :expo:prepareLintJarForPublish UP-TO-DATE
> Task :expo-log-box:mergeDebugNativeLibs NO-SOURCE
> Task :react-native-async-storage_async-storage:generateDebugRFile UP-TO-DATE
> Task :react-native-async-storage_async-storage:checkKotlinGradlePluginConfigurationErrors SKIPPED
> Task :expo-log-box:copyDebugJniLibsProjectOnly UP-TO-DATE
> Task :react-native-async-storage_async-storage:generateDebugBuildConfig UP-TO-DATE
> Task :expo-log-box:stripDebugDebugSymbols NO-SOURCE
> Task :expo-log-box:copyDebugJniLibsProjectAndLocalJars UP-TO-DATE
> Task :expo-log-box:extractDeepLinksForAarDebug UP-TO-DATE
> Task :expo-log-box:prepareDebugArtProfile UP-TO-DATE
> Task :expo-log-box:prepareLintJarForPublish UP-TO-DATE
> Task :react-native-async-storage_async-storage:kspDebugKotlin UP-TO-DATE
> Task :react-native-async-storage_async-storage:compileDebugKotlin UP-TO-DATE
> Task :react-native-async-storage_async-storage:javaPreCompileDebug UP-TO-DATE
> Task :react-native-async-storage_async-storage:compileDebugJavaWithJavac UP-TO-DATE
> Task :react-native-async-storage_async-storage:bundleLibCompileToJarDebug UP-TO-DATE
> Task :react-native-async-storage_async-storage:mergeDebugShaders UP-TO-DATE
> Task :react-native-async-storage_async-storage:compileDebugShaders NO-SOURCE
> Task :react-native-async-storage_async-storage:generateDebugAssets UP-TO-DATE
> Task :react-native-async-storage_async-storage:mergeDebugAssets UP-TO-DATE
> Task :react-native-async-storage_async-storage:bundleLibRuntimeToJarDebug UP-TO-DATE
> Task :react-native-async-storage_async-storage:processDebugJavaRes UP-TO-DATE
> Task :react-native-async-storage_async-storage:bundleLibRuntimeToDirDebug UP-TO-DATE
> Task :react-native-async-storage_async-storage:mergeDebugJniLibFolders UP-TO-DATE
> Task :expo-modules-core:compileDebugKotlin UP-TO-DATE
> Task :react-native-async-storage_async-storage:mergeDebugNativeLibs NO-SOURCE
> Task :expo-modules-core:javaPreCompileDebug UP-TO-DATE
> Task :react-native-async-storage_async-storage:copyDebugJniLibsProjectOnly UP-TO-DATE
> Task :react-native-async-storage_async-storage:stripDebugDebugSymbols NO-SOURCE
> Task :react-native-async-storage_async-storage:copyDebugJniLibsProjectAndLocalJars UP-TO-DATE
> Task :react-native-async-storage_async-storage:extractDebugAnnotations UP-TO-DATE
> Task :react-native-async-storage_async-storage:extractDeepLinksForAarDebug UP-TO-DATE
> Task :react-native-async-storage_async-storage:mergeDebugGeneratedProguardFiles UP-TO-DATE
> Task :react-native-async-storage_async-storage:mergeDebugConsumerProguardFiles UP-TO-DATE
> Task :react-native-async-storage_async-storage:prepareDebugArtProfile UP-TO-DATE
> Task :react-native-async-storage_async-storage:prepareLintJarForPublish UP-TO-DATE
> Task :react-native-async-storage_async-storage:mergeDebugJavaResource UP-TO-DATE
> Task :react-native-async-storage_async-storage:syncDebugLibJars UP-TO-DATE
> Task :react-native-async-storage_async-storage:bundleDebugAar UP-TO-DATE
> Task :react-native-async-storage_async-storage:assembleDebug UP-TO-DATE

> Task :expo-constants:createExpoConfig

.\gradlew.bat : The NODE_ENV environment variable is required but was not specified. Ensure the project is bundled with Expo CLI or NODE_ENV is set. Using only .env.local and .env
At line:1 char:437
+ ... -admin\android"; .\gradlew.bat assembleDebug --no-daemon 2>&1 | Out-F ...
+                      ~~~~~~~~~~~~~~~~~~~~~~~~~~~~~~~~~~~~~~~~~~~~
    + CategoryInfo          : NotSpecified: (The NODE_ENV en....local and .env:String) [], RemoteException
    + FullyQualifiedErrorId : NativeCommandError
 
> Task :expo-constants:preBuild
> Task :app:preBuild
> Task :app:preDebugBuild
> Task :expo-constants:preDebugBuild
> Task :app:mergeDebugNativeDebugMetadata NO-SOURCE
> Task :expo-constants:writeDebugAarMetadata UP-TO-DATE
> Task :expo-constants:generateDebugResValues UP-TO-DATE
> Task :app:generateDebugBuildConfig UP-TO-DATE
> Task :expo-constants:generateDebugResources UP-TO-DATE
> Task :expo-constants:packageDebugResources UP-TO-DATE
> Task :expo-constants:extractDeepLinksDebug UP-TO-DATE
> Task :expo-constants:processDebugManifest UP-TO-DATE
> Task :expo-constants:compileDebugLibraryResources UP-TO-DATE
> Task :expo-constants:parseDebugLocalResources UP-TO-DATE
> Task :expo-constants:generateDebugRFile UP-TO-DATE
> Task :expo-constants:checkKotlinGradlePluginConfigurationErrors SKIPPED
> Task :expo-constants:generateDebugBuildConfig UP-TO-DATE
> Task :expo-constants:javaPreCompileDebug UP-TO-DATE
> Task :expo-constants:mergeDebugShaders UP-TO-DATE
> Task :expo-constants:compileDebugShaders NO-SOURCE
> Task :expo-constants:generateDebugAssets UP-TO-DATE
> Task :expo-constants:mergeDebugAssets UP-TO-DATE
> Task :expo-constants:mergeDebugJniLibFolders UP-TO-DATE
> Task :expo-constants:mergeDebugNativeLibs NO-SOURCE
> Task :expo-constants:copyDebugJniLibsProjectOnly UP-TO-DATE
> Task :expo-constants:stripDebugDebugSymbols NO-SOURCE
> Task :expo-constants:copyDebugJniLibsProjectAndLocalJars UP-TO-DATE
> Task :expo-constants:extractDeepLinksForAarDebug UP-TO-DATE
> Task :expo-constants:prepareDebugArtProfile UP-TO-DATE
> Task :expo-constants:prepareLintJarForPublish UP-TO-DATE
> Task :app:checkDebugAarMetadata UP-TO-DATE
> Task :app:generateDebugResValues UP-TO-DATE
> Task :app:mapDebugSourceSetPaths UP-TO-DATE
> Task :app:generateDebugResources UP-TO-DATE
> Task :app:mergeDebugResources UP-TO-DATE
> Task :app:packageDebugResources UP-TO-DATE
> Task :app:parseDebugLocalResources UP-TO-DATE
> Task :app:createDebugCompatibleScreenManifests UP-TO-DATE
> Task :app:extractDeepLinksDebug UP-TO-DATE
> Task :app:processDebugMainManifest UP-TO-DATE
> Task :app:expoDebugOverrideMaxSdkConflicts UP-TO-DATE
> Task :app:processDebugManifest UP-TO-DATE
> Task :app:processDebugManifestForPackage UP-TO-DATE
> Task :app:javaPreCompileDebug UP-TO-DATE
> Task :app:mergeDebugShaders UP-TO-DATE
> Task :app:compileDebugShaders NO-SOURCE
> Task :app:generateDebugAssets UP-TO-DATE
> Task :app:desugarDebugFileDependencies UP-TO-DATE
> Task :app:checkDebugDuplicateClasses UP-TO-DATE
> Task :app:mergeExtDexDebug UP-TO-DATE

> Task :app:configureCMakeDebug[arm64-v8a]
[CXX5304] This version only understands SDK XML versions up to 3 but an SDK XML file of version 4 was encountered. This can happen if you use versions of Android Studio and the command-line tools that were released at different times.
[CXX5304] This version only understands SDK XML versions up to 3 but an SDK XML file of version 4 was encountered. This can happen if you use versions of Android Studio and the command-line tools that were released at different times.

> Task :app:buildCMakeDebug[arm64-v8a] FAILED
C/C++: ninja: Entering directory `C:\Users\AVTAR Singh\Documents\physio-admin\android\app\.cxx\Debug\5fi314z5\arm64-v8a'
C/C++: ld.lld: error: undefined symbol: std::__ndk1::basic_string<char, std::__ndk1::char_traits<char>, std::__ndk1::allocator<char>>::basic_string(std::__ndk1::basic_string<char, std::__ndk1::char_traits<char>, std::__ndk1::allocator<char>> const&)
C/C++: >>> referenced by OnLoad.cpp:75 (C:/Users/AVTAR Singh/Documents/physio-admin/node_modules/react-native/ReactAndroid/cmake-utils/default-app-setup/OnLoad.cpp:75)
C/C++: >>>               CMakeFiles/appmodules.dir/OnLoad.cpp.o:(facebook::react::cxxModuleProvider(std::__ndk1::basic_string<char, std::__ndk1::char_traits<char>, std::__ndk1::allocator<char>> const&, std::__ndk1::shared_ptr<facebook::react::CallInvoker> const&))
C/C++: >>> referenced by OnLoad.cpp:107 (C:/Users/AVTAR Singh/Documents/physio-admin/node_modules/react-native/ReactAndroid/cmake-utils/default-app-setup/OnLoad.cpp:107)
C/C++: >>>               CMakeFiles/appmodules.dir/OnLoad.cpp.o:(facebook::react::javaModuleProvider(std::__ndk1::basic_string<char, std::__ndk1::char_traits<char>, std::__ndk1::allocator<char>> const&, facebook::react::JavaTurboModule::InitParams const&))
C/C++: ld.lld: error: undefined symbol: std::__ndk1::basic_string<char, std::__ndk1::char_traits<char>, std::__ndk1::allocator<char>>::~basic_string()
C/C++: >>> referenced by OnLoad.cpp:75 (C:/Users/AVTAR Singh/Documents/physio-admin/node_modules/react-native/ReactAndroid/cmake-utils/default-app-setup/OnLoad.cpp:75)
C/C++: >>>               CMakeFiles/appmodules.dir/OnLoad.cpp.o:(facebook::react::cxxModuleProvider(std::__ndk1::basic_string<char, std::__ndk1::char_traits<char>, std::__ndk1::allocator<char>> const&, std::__ndk1::shared_ptr<facebook::react::CallInvoker> const&))
C/C++: >>> referenced by OnLoad.cpp:75 (C:/Users/AVTAR Singh/Documents/physio-admin/node_modules/react-native/ReactAndroid/cmake-utils/default-app-setup/OnLoad.cpp:75)
C/C++: >>>               CMakeFiles/appmodules.dir/OnLoad.cpp.o:(facebook::react::cxxModuleProvider(std::__ndk1::basic_string<char, std::__ndk1::char_traits<char>, std::__ndk1::allocator<char>> const&, std::__ndk1::shared_ptr<facebook::react::CallInvoker> const&))
C/C++: >>> referenced by AsyncStorageSpec-generated.cpp:72 (C:/Users/AVTAR Singh/Documents/physio-admin/node_modules/@react-native-async-storage/async-storage/android/build/generated/source/codegen/jni/AsyncStorageSpec-generated.cpp:72)
C/C++: >>>               AsyncStorageSpec_autolinked_build/CMakeFiles/react_codegen_AsyncStorageSpec.dir/AsyncStorageSpec-generated.cpp.o:(facebook::react::NativeAsyncStorageSpecJSI::NativeAsyncStorageSpecJSI(facebook::react::JavaTurboModule::InitParams const&))
C/C++: >>> referenced 70 more times
C/C++: ld.lld: error: undefined symbol: std::__ndk1::basic_string<char, std::__ndk1::char_traits<char>, std::__ndk1::allocator<char>>::__init(char const*, unsigned long)
C/C++: >>> referenced by string:954 (C:/Users/AVTAR Singh/AppData/Local/Android/Sdk/ndk/27.1.12297006/toolchains/llvm/prebuilt/windows-x86_64/sysroot/usr/include/c++/v1/string:954)
C/C++: >>>               AsyncStorageSpec_autolinked_build/CMakeFiles/react_codegen_AsyncStorageSpec.dir/AsyncStorageSpec-generated.cpp.o:(std::__ndk1::basic_string<char, std::__ndk1::char_traits<char>, std::__ndk1::allocator<char>>::basic_string[abi:ne180000]<0>(char const*))
C/C++: ld.lld: error: undefined symbol: operator delete(void*)
C/C++: >>> referenced by function.h:250 (C:/Users/AVTAR Singh/AppData/Local/Android/Sdk/ndk/27.1.12297006/toolchains/llvm/prebuilt/windows-x86_64/sysroot/usr/include/c++/v1/__functional/function.h:250)
C/C++: >>>               CMakeFiles/appmodules.dir/OnLoad.cpp.o:(std::__ndk1::__function::__func<JNI_OnLoad::$_0, std::__ndk1::allocator<JNI_OnLoad::$_0>, void ()>::~__func())
C/C++: >>> referenced by AsyncStorageSpec.h:22 (C:/Users/AVTAR Singh/Documents/physio-admin/node_modules/@react-native-async-storage/async-storage/android/build/generated/source/codegen/jni/AsyncStorageSpec.h:22)
C/C++: >>>               AsyncStorageSpec_autolinked_build/CMakeFiles/react_codegen_AsyncStorageSpec.dir/AsyncStorageSpec-generated.cpp.o:(facebook::react::NativeAsyncStorageSpecJSI::~NativeAsyncStorageSpecJSI())
C/C++: >>> referenced by function.h:250 (C:/Users/AVTAR Singh/AppData/Local/Android/Sdk/ndk/27.1.12297006/toolchains/llvm/prebuilt/windows-x86_64/sysroot/usr/include/c++/v1/__functional/function.h:250)
C/C++: >>>               CMakeFiles/appmodules.dir/OnLoad.cpp.o:(std::__ndk1::__function::__func<std::__ndk1::shared_ptr<facebook::react::TurboModule> (*)(std::__ndk1::basic_string<char, std::__ndk1::char_traits<char>, std::__ndk1::allocator<char>> const&, std::__ndk1::shared_ptr<facebook::react::CallInvoker> const&), std::__ndk1::allocator<std::__ndk1::shared_ptr<facebook::react::TurboModule> (*)(std::__ndk1::basic_string<char, std::__ndk1::char_traits<char>, std::__ndk1::allocator<char>> const&, std::__ndk1::shared_ptr<facebook::react::CallInvoker> const&)>, std::__ndk1::shared_ptr<facebook::react::TurboModule> (std::__ndk1::basic_string<char, std::__ndk1::char_traits<char>, std::__ndk1::allocator<char>> const&, std::__ndk1::shared_ptr<facebook::react::CallInvoker> const&)>::~__func())
C/C++: >>> referenced 5 more times
C/C++: ld.lld: error: undefined symbol: __cxa_begin_catch
C/C++: >>> referenced by AsyncStorageSpec-generated.cpp
C/C++: >>>               AsyncStorageSpec_autolinked_build/CMakeFiles/react_codegen_AsyncStorageSpec.dir/AsyncStorageSpec-generated.cpp.o:(__clang_call_terminate)
C/C++: ld.lld: error: undefined symbol: std::terminate()
C/C++: >>> referenced by AsyncStorageSpec-generated.cpp
C/C++: >>>               AsyncStorageSpec_autolinked_build/CMakeFiles/react_codegen_AsyncStorageSpec.dir/AsyncStorageSpec-generated.cpp.o:(__clang_call_terminate)
C/C++: ld.lld: error: undefined symbol: __cxa_allocate_exception
C/C++: >>> referenced by new:174 (C:/Users/AVTAR Singh/AppData/Local/Android/Sdk/ndk/27.1.12297006/toolchains/llvm/prebuilt/windows-x86_64/sysroot/usr/include/c++/v1/new:174)
C/C++: >>>               AsyncStorageSpec_autolinked_build/CMakeFiles/react_codegen_AsyncStorageSpec.dir/AsyncStorageSpec-generated.cpp.o:(std::__throw_bad_array_new_length[abi:ne180000]())
C/C++: >>> referenced by stdexcept:241 (C:/Users/AVTAR Singh/AppData/Local/Android/Sdk/ndk/27.1.12297006/toolchains/llvm/prebuilt/windows-x86_64/sysroot/usr/include/c++/v1/stdexcept:241)
C/C++: >>>               AsyncStorageSpec_autolinked_build/CMakeFiles/react_codegen_AsyncStorageSpec.dir/AsyncStorageSpec-generated.cpp.o:(std::__ndk1::__throw_length_error[abi:ne180000](char const*))
C/C++: ld.lld: error: undefined symbol: std::bad_array_new_length::bad_array_new_length()
C/C++: >>> referenced by new:174 (C:/Users/AVTAR Singh/AppData/Local/Android/Sdk/ndk/27.1.12297006/toolchains/llvm/prebuilt/windows-x86_64/sysroot/usr/include/c++/v1/new:174)
C/C++: >>>               AsyncStorageSpec_autolinked_build/CMakeFiles/react_codegen_AsyncStorageSpec.dir/AsyncStorageSpec-generated.cpp.o:(std::__throw_bad_array_new_length[abi:ne180000]())
C/C++: ld.lld: error: undefined symbol: typeinfo for std::bad_array_new_length
C/C++: >>> referenced by new:174 (C:/Users/AVTAR Singh/AppData/Local/Android/Sdk/ndk/27.1.12297006/toolchains/llvm/prebuilt/windows-x86_64/sysroot/usr/include/c++/v1/new:174)
C/C++: >>>               AsyncStorageSpec_autolinked_build/CMakeFiles/react_codegen_AsyncStorageSpec.dir/AsyncStorageSpec-generated.cpp.o:(std::__throw_bad_array_new_length[abi:ne180000]())
C/C++: >>> referenced by new:174 (C:/Users/AVTAR Singh/AppData/Local/Android/Sdk/ndk/27.1.12297006/toolchains/llvm/prebuilt/windows-x86_64/sysroot/usr/include/c++/v1/new:174)
C/C++: >>>               AsyncStorageSpec_autolinked_build/CMakeFiles/react_codegen_AsyncStorageSpec.dir/AsyncStorageSpec-generated.cpp.o:(std::__throw_bad_array_new_length[abi:ne180000]())
C/C++: ld.lld: error: undefined symbol: std::bad_array_new_length::~bad_array_new_length()
C/C++: >>> referenced by new:174 (C:/Users/AVTAR Singh/AppData/Local/Android/Sdk/ndk/27.1.12297006/toolchains/llvm/prebuilt/windows-x86_64/sysroot/usr/include/c++/v1/new:174)
C/C++: >>>               AsyncStorageSpec_autolinked_build/CMakeFiles/react_codegen_AsyncStorageSpec.dir/AsyncStorageSpec-generated.cpp.o:(std::__throw_bad_array_new_length[abi:ne180000]())
C/C++: >>> referenced by new:174 (C:/Users/AVTAR Singh/AppData/Local/Android/Sdk/ndk/27.1.12297006/toolchains/llvm/prebuilt/windows-x86_64/sysroot/usr/include/c++/v1/new:174)
C/C++: >>>               AsyncStorageSpec_autolinked_build/CMakeFiles/react_codegen_AsyncStorageSpec.dir/AsyncStorageSpec-generated.cpp.o:(std::__throw_bad_array_new_length[abi:ne180000]())
C/C++: ld.lld: error: undefined symbol: __cxa_throw
C/C++: >>> referenced by new:174 (C:/Users/AVTAR Singh/AppData/Local/Android/Sdk/ndk/27.1.12297006/toolchains/llvm/prebuilt/windows-x86_64/sysroot/usr/include/c++/v1/new:174)
C/C++: >>>               AsyncStorageSpec_autolinked_build/CMakeFiles/react_codegen_AsyncStorageSpec.dir/AsyncStorageSpec-generated.cpp.o:(std::__throw_bad_array_new_length[abi:ne180000]())
C/C++: >>> referenced by stdexcept:241 (C:/Users/AVTAR Singh/AppData/Local/Android/Sdk/ndk/27.1.12297006/toolchains/llvm/prebuilt/windows-x86_64/sysroot/usr/include/c++/v1/stdexcept:241)
C/C++: >>>               AsyncStorageSpec_autolinked_build/CMakeFiles/react_codegen_AsyncStorageSpec.dir/AsyncStorageSpec-generated.cpp.o:(std::__ndk1::__throw_length_error[abi:ne180000](char const*))
C/C++: ld.lld: error: undefined symbol: operator new(unsigned long, std::align_val_t)
C/C++: >>> referenced by new:271 (C:/Users/AVTAR Singh/AppData/Local/Android/Sdk/ndk/27.1.12297006/toolchains/llvm/prebuilt/windows-x86_64/sysroot/usr/include/c++/v1/new:271)
C/C++: >>>               AsyncStorageSpec_autolinked_build/CMakeFiles/react_codegen_AsyncStorageSpec.dir/AsyncStorageSpec-generated.cpp.o:(void* std::__ndk1::__libcpp_operator_new[abi:ne180000]<unsigned long, std::align_val_t>(unsigned long, std::align_val_t))
C/C++: ld.lld: error: undefined symbol: operator new(unsigned long)
C/C++: >>> referenced by new:271 (C:/Users/AVTAR Singh/AppData/Local/Android/Sdk/ndk/27.1.12297006/toolchains/llvm/prebuilt/windows-x86_64/sysroot/usr/include/c++/v1/new:271)
C/C++: >>>               AsyncStorageSpec_autolinked_build/CMakeFiles/react_codegen_AsyncStorageSpec.dir/AsyncStorageSpec-generated.cpp.o:(void* std::__ndk1::__libcpp_operator_new[abi:ne180000]<unsigned long>(unsigned long))
C/C++: ld.lld: error: undefined symbol: std::__ndk1::__next_prime(unsigned long)
C/C++: >>> referenced by __hash_table:1657 (C:/Users/AVTAR Singh/AppData/Local/Android/Sdk/ndk/27.1.12297006/toolchains/llvm/prebuilt/windows-x86_64/sysroot/usr/include/c++/v1/__hash_table:1657)
C/C++: >>>               AsyncStorageSpec_autolinked_build/CMakeFiles/react_codegen_AsyncStorageSpec.dir/AsyncStorageSpec-generated.cpp.o:(void std::__ndk1::__hash_table<std::__ndk1::__hash_value_type<std::__ndk1::basic_string<char, std::__ndk1::char_traits<char>, std::__ndk1::allocator<char>>, facebook::react::TurboModule::MethodMetadata>, std::__ndk1::__unordered_map_hasher<std::__ndk1::basic_string<char, std::__ndk1::char_traits<char>, std::__ndk1::allocator<char>>, std::__ndk1::__hash_value_type<std::__ndk1::basic_string<char, std::__ndk1::char_traits<char>, std::__ndk1::allocator<char>>, facebook::react::TurboModule::MethodMetadata>, std::__ndk1::hash<std::__ndk1::basic_string<char, std::__ndk1::char_traits<char>, std::__ndk1::allocator<char>>>, std::__ndk1::equal_to<std::__ndk1::basic_string<char, std::__ndk1::char_traits<char>, std::__ndk1::allocator<char>>>, true>, std::__ndk1::__unordered_map_equal<std::__ndk1::basic_string<char, std::__ndk1::char_traits<char>, std::__ndk1::allocator<char>>, std::__ndk1::__hash_value_type<std::__ndk1::basic_string<char, std::__ndk1::char_traits<char>, std::__ndk1::allocator<char>>, facebook::react::TurboModule::MethodMetadata>, std::__ndk1::equal_to<std::__ndk1::basic_string<char, std::__ndk1::char_traits<char>, std::__ndk1::allocator<char>>>, std::__ndk1::hash<std::__ndk1::basic_string<char, std::__ndk1::char_traits<char>, std::__ndk1::allocator<char>>>, true>, std::__ndk1::allocator<std::__ndk1::__hash_value_type<std::__ndk1::basic_string<char, std::__ndk1::char_traits<char>, std::__ndk1::allocator<char>>, facebook::react::TurboModule::MethodMetadata>>>::__rehash<true>(unsigned long))
C/C++: >>> referenced by __hash_table:1665 (C:/Users/AVTAR Singh/AppData/Local/Android/Sdk/ndk/27.1.12297006/toolchains/llvm/prebuilt/windows-x86_64/sysroot/usr/include/c++/v1/__hash_table:1665)
C/C++: >>>               AsyncStorageSpec_autolinked_build/CMakeFiles/react_codegen_AsyncStorageSpec.dir/AsyncStorageSpec-generated.cpp.o:(void std::__ndk1::__hash_table<std::__ndk1::__hash_value_type<std::__ndk1::basic_string<char, std::__ndk1::char_traits<char>, std::__ndk1::allocator<char>>, facebook::react::TurboModule::MethodMetadata>, std::__ndk1::__unordered_map_hasher<std::__ndk1::basic_string<char, std::__ndk1::char_traits<char>, std::__ndk1::allocator<char>>, std::__ndk1::__hash_value_type<std::__ndk1::basic_string<char, std::__ndk1::char_traits<char>, std::__ndk1::allocator<char>>, facebook::react::TurboModule::MethodMetadata>, std::__ndk1::hash<std::__ndk1::basic_string<char, std::__ndk1::char_traits<char>, std::__ndk1::allocator<char>>>, std::__ndk1::equal_to<std::__ndk1::basic_string<char, std::__ndk1::char_traits<char>, std::__ndk1::allocator<char>>>, true>, std::__ndk1::__unordered_map_equal<std::__ndk1::basic_string<char, std::__ndk1::char_traits<char>, std::__ndk1::allocator<char>>, std::__ndk1::__hash_value_type<std::__ndk1::basic_string<char, std::__ndk1::char_traits<char>, std::__ndk1::allocator<char>>, facebook::react::TurboModule::MethodMetadata>, std::__ndk1::equal_to<std::__ndk1::basic_string<char, std::__ndk1::char_traits<char>, std::__ndk1::allocator<char>>>, std::__ndk1::hash<std::__ndk1::basic_string<char, std::__ndk1::char_traits<char>, std::__ndk1::allocator<char>>>, true>, std::__ndk1::allocator<std::__ndk1::__hash_value_type<std::__ndk1::basic_string<char, std::__ndk1::char_traits<char>, std::__ndk1::allocator<char>>, facebook::react::TurboModule::MethodMetadata>>>::__rehash<true>(unsigned long))
C/C++: ld.lld: error: undefined symbol: operator delete(void*, std::align_val_t)
C/C++: >>> referenced by new:280 (C:/Users/AVTAR Singh/AppData/Local/Android/Sdk/ndk/27.1.12297006/toolchains/llvm/prebuilt/windows-x86_64/sysroot/usr/include/c++/v1/new:280)
C/C++: >>>               AsyncStorageSpec_autolinked_build/CMakeFiles/react_codegen_AsyncStorageSpec.dir/AsyncStorageSpec-generated.cpp.o:(void std::__ndk1::__libcpp_operator_delete[abi:ne180000]<void*, std::align_val_t>(void*, std::align_val_t))
C/C++: ld.lld: error: undefined symbol: std::__ndk1::__shared_weak_count::~__shared_weak_count()
C/C++: >>> referenced by shared_ptr.h:263 (C:/Users/AVTAR Singh/AppData/Local/Android/Sdk/ndk/27.1.12297006/toolchains/llvm/prebuilt/windows-x86_64/sysroot/usr/include/c++/v1/__memory/shared_ptr.h:263)
C/C++: >>>               AsyncStorageSpec_autolinked_build/CMakeFiles/react_codegen_AsyncStorageSpec.dir/AsyncStorageSpec-generated.cpp.o:(std::__ndk1::__shared_ptr_emplace<facebook::react::NativeAsyncStorageSpecJSI, std::__ndk1::allocator<facebook::react::NativeAsyncStorageSpecJSI>>::__shared_ptr_emplace[abi:ne180000]<facebook::react::JavaTurboModule::InitParams const&, std::__ndk1::allocator<facebook::react::NativeAsyncStorageSpecJSI>, 0>(std::__ndk1::allocator<facebook::react::NativeAsyncStorageSpecJSI>, facebook::react::JavaTurboModule::InitParams const&))
C/C++: >>> referenced by shared_ptr.h:246 (C:/Users/AVTAR Singh/AppData/Local/Android/Sdk/ndk/27.1.12297006/toolchains/llvm/prebuilt/windows-x86_64/sysroot/usr/include/c++/v1/__memory/shared_ptr.h:246)
C/C++: >>>               AsyncStorageSpec_autolinked_build/CMakeFiles/react_codegen_AsyncStorageSpec.dir/AsyncStorageSpec-generated.cpp.o:(std::__ndk1::__shared_ptr_emplace<facebook::react::NativeAsyncStorageSpecJSI, std::__ndk1::allocator<facebook::react::NativeAsyncStorageSpecJSI>>::~__shared_ptr_emplace())
C/C++: ld.lld: error: undefined symbol: vtable for std::__ndk1::__shared_weak_count
C/C++: >>> referenced by shared_ptr.h:169 (C:/Users/AVTAR Singh/AppData/Local/Android/Sdk/ndk/27.1.12297006/toolchains/llvm/prebuilt/windows-x86_64/sysroot/usr/include/c++/v1/__memory/shared_ptr.h:169)
C/C++: >>>               AsyncStorageSpec_autolinked_build/CMakeFiles/react_codegen_AsyncStorageSpec.dir/AsyncStorageSpec-generated.cpp.o:(std::__ndk1::__shared_weak_count::__shared_weak_count[abi:ne180000](long))
C/C++: >>> referenced by shared_ptr.h:169 (C:/Users/AVTAR Singh/AppData/Local/Android/Sdk/ndk/27.1.12297006/toolchains/llvm/prebuilt/windows-x86_64/sysroot/usr/include/c++/v1/__memory/shared_ptr.h:169)
C/C++: >>>               AsyncStorageSpec_autolinked_build/CMakeFiles/react_codegen_AsyncStorageSpec.dir/AsyncStorageSpec-generated.cpp.o:(std::__ndk1::__shared_weak_count::__shared_weak_count[abi:ne180000](long))
C/C++: >>> the vtable symbol may be undefined because the class is missing its key function (see https://lld.llvm.org/missingkeyfunction)
C/C++: ld.lld: error: undefined symbol: vtable for std::__ndk1::__shared_count
C/C++: >>> referenced by shared_ptr.h:145 (C:/Users/AVTAR Singh/AppData/Local/Android/Sdk/ndk/27.1.12297006/toolchains/llvm/prebuilt/windows-x86_64/sysroot/usr/include/c++/v1/__memory/shared_ptr.h:145)
C/C++: >>>               AsyncStorageSpec_autolinked_build/CMakeFiles/react_codegen_AsyncStorageSpec.dir/AsyncStorageSpec-generated.cpp.o:(std::__ndk1::__shared_count::__shared_count[abi:ne180000](long))
C/C++: >>> referenced by shared_ptr.h:145 (C:/Users/AVTAR Singh/AppData/Local/Android/Sdk/ndk/27.1.12297006/toolchains/llvm/prebuilt/windows-x86_64/sysroot/usr/include/c++/v1/__memory/shared_ptr.h:145)
C/C++: >>>               AsyncStorageSpec_autolinked_build/CMakeFiles/react_codegen_AsyncStorageSpec.dir/AsyncStorageSpec-generated.cpp.o:(std::__ndk1::__shared_count::__shared_count[abi:ne180000](long))
C/C++: >>> the vtable symbol may be undefined because the class is missing its key function (see https://lld.llvm.org/missingkeyfunction)
C/C++: ld.lld: error: undefined symbol: std::__ndk1::__shared_weak_count::__release_weak()
C/C++: >>> referenced by shared_ptr.h:184 (C:/Users/AVTAR Singh/AppData/Local/Android/Sdk/ndk/27.1.12297006/toolchains/llvm/prebuilt/windows-x86_64/sysroot/usr/include/c++/v1/__memory/shared_ptr.h:184)
C/C++: >>>               AsyncStorageSpec_autolinked_build/CMakeFiles/react_codegen_AsyncStorageSpec.dir/AsyncStorageSpec-generated.cpp.o:(std::__ndk1::__shared_weak_count::__release_shared[abi:ne180000]())
C/C++: ld.lld: error: undefined symbol: vtable for __cxxabiv1::__class_type_info
C/C++: >>> referenced by OnLoad.cpp
C/C++: >>>               CMakeFiles/appmodules.dir/OnLoad.cpp.o:(typeinfo for std::__ndk1::__function::__base<void ()>)
C/C++: >>> referenced by OnLoad.cpp
C/C++: >>>               CMakeFiles/appmodules.dir/OnLoad.cpp.o:(typeinfo for std::__ndk1::__function::__base<std::__ndk1::shared_ptr<facebook::react::TurboModule> (std::__ndk1::basic_string<char, std::__ndk1::char_traits<char>, std::__ndk1::allocator<char>> const&, std::__ndk1::shared_ptr<facebook::react::CallInvoker> const&)>)
C/C++: >>> referenced by OnLoad.cpp
C/C++: >>>               CMakeFiles/appmodules.dir/OnLoad.cpp.o:(typeinfo for std::__ndk1::__function::__base<std::__ndk1::shared_ptr<facebook::react::TurboModule> (std::__ndk1::basic_string<char, std::__ndk1::char_traits<char>, std::__ndk1::allocator<char>> const&, facebook::react::JavaTurboModule::InitParams const&)>)
C/C++: >>> referenced 4 more times
C/C++: >>> the vtable symbol may be undefined because the class is missing its key function (see https://lld.llvm.org/missingkeyfunction)
C/C++: ld.lld: error: too many errors emitted, stopping now (use --error-limit=0 to see all errors)
C/C++: CLANG_~1: error: linker command failed with exit code 1 (use -v to see invocation)
C/C++: ninja: build stopped: subcommand failed.

> Task :expo-modules-core:compileDebugJavaWithJavac
Note: Some input files use or override a deprecated API.
Note: Recompile with -Xlint:deprecation for details.

> Task :app:processDebugResources

[Incubating] Problems report is available at: file:///C:/Users/AVTAR%20Singh/Documents/physio-admin/android/build/reports/problems/problems-report.html

FAILURE: Build failed with an exception.

* What went wrong:
Execution failed for task ':app:buildCMakeDebug[arm64-v8a]'.
> com.android.ide.common.process.ProcessException: ninja: Entering directory `C:\Users\AVTAR Singh\Documents\physio-admin\android\app\.cxx\Debug\5fi314z5\arm64-v8a'
  [0/2] Re-checking globbed directories...
  [1/1] Linking CXX shared library "C:\Users\AVTAR Singh\Documents\physio-admin\android\app\build\intermediates\cxx\Debug\5fi314z5\obj\arm64-v8a\libappmodules.so"
  FAILED: C:/Users/AVTAR Singh/Documents/physio-admin/android/app/build/intermediates/cxx/Debug/5fi314z5/obj/arm64-v8a/libappmodules.so 
  cmd.exe /C "cd . && C:\Users\AVTARS~1\AppData\Local\Android\Sdk\ndk\271~1.122\TOOLCH~1\llvm\prebuilt\WINDOW~1\bin\CLANG_~1.EXE --target=aarch64-none-linux-android29 
--sysroot="C:/Users/AVTAR Singh/AppData/Local/Android/Sdk/ndk/27.1.12297006/toolchains/llvm/prebuilt/windows-x86_64/sysroot" -fPIC -g -DANDROID -fdata-sections -ffunction-sections 
-funwind-tables -fstack-protector-strong -no-canonical-prefixes -D__BIONIC_NO_PAGE_SIZE_MACRO -D_FORTIFY_SOURCE=2 -Wformat -Werror=format-security   -fno-limit-debug-info  
-Wl,-z,max-page-size=16384 -Wl,--build-id=sha1 -Wl,--no-rosegment -Wl,--no-undefined-version -Wl,--fatal-warnings -Wl,--no-undefined -Qunused-arguments -shared 
-Wl,-soname,libappmodules.so -o "C:\Users\AVTAR Singh\Documents\physio-admin\android\app\build\intermediates\cxx\Debug\5fi314z5\obj\arm64-v8a\libappmodules.so" 
AsyncStorageSpec_autolinked_build/CMakeFiles/react_codegen_AsyncStorageSpec.dir/AsyncStorageSpec-generated.cpp.o 
AsyncStorageSpec_autolinked_build/CMakeFiles/react_codegen_AsyncStorageSpec.dir/react/renderer/components/AsyncStorageSpec/ComponentDescriptors.cpp.o 
AsyncStorageSpec_autolinked_build/CMakeFiles/react_codegen_AsyncStorageSpec.dir/react/renderer/components/AsyncStorageSpec/EventEmitters.cpp.o 
AsyncStorageSpec_autolinked_build/CMakeFiles/react_codegen_AsyncStorageSpec.dir/react/renderer/components/AsyncStorageSpec/Props.cpp.o 
AsyncStorageSpec_autolinked_build/CMakeFiles/react_codegen_AsyncStorageSpec.dir/react/renderer/components/AsyncStorageSpec/ShadowNodes.cpp.o 
AsyncStorageSpec_autolinked_build/CMakeFiles/react_codegen_AsyncStorageSpec.dir/react/renderer/components/AsyncStorageSpec/States.cpp.o 
CMakeFiles/appmodules.dir/C_/Users/AVTAR_Singh/Documents/physio-admin/android/app/build/generated/autolinking/src/main/jni/autolinking.cpp.o CMakeFiles/appmodules.dir/OnLoad.cpp.o  
"C:/Users/AVTAR Singh/.gradle/caches/9.3.1/transforms/a380509ee370312f3a5187e825a1b544/workspace/transformed/fbjni-0.7.0/prefab/modules/fbjni/libs/android.arm64-v8a/libfbjni.so"  
"C:/Users/AVTAR 
Singh/.gradle/caches/9.3.1/transforms/e34c881ac1b85a96a13850d4b3e5bd50/workspace/transformed/react-android-0.86.0-debug/prefab/modules/jsi/libs/android.arm64-v8a/libjsi.so"  
"C:/Users/AVTAR Singh/.gradle/caches/9.3.1/transforms/e34c881ac1b85a96a13850d4b3e5bd50/workspace/transformed/react-android-0.86.0-debug/prefab/modules/reactnative/libs/android.arm64-
v8a/libreactnative.so"  -latomic -lm && cd ."
  ld.lld: error: undefined symbol: std::__ndk1::basic_string<char, std::__ndk1::char_traits<char>, std::__ndk1::allocator<char>>::basic_string(std::__ndk1::basic_string<char, 
std::__ndk1::char_traits<char>, std::__ndk1::allocator<char>> const&)
  >>> referenced by OnLoad.cpp:75 (C:/Users/AVTAR Singh/Documents/physio-admin/node_modules/react-native/ReactAndroid/cmake-utils/default-app-setup/OnLoad.cpp:75)
  >>>               CMakeFiles/appmodules.dir/OnLoad.cpp.o:(facebook::react::cxxModuleProvider(std::__ndk1::basic_string<char, std::__ndk1::char_traits<char>, 
std::__ndk1::allocator<char>> const&, std::__ndk1::shared_ptr<facebook::react::CallInvoker> const&))
  >>> referenced by OnLoad.cpp:107 (C:/Users/AVTAR Singh/Documents/physio-admin/node_modules/react-native/ReactAndroid/cmake-utils/default-app-setup/OnLoad.cpp:107)
  >>>               CMakeFiles/appmodules.dir/OnLoad.cpp.o:(facebook::react::javaModuleProvider(std::__ndk1::basic_string<char, std::__ndk1::char_traits<char>, 
std::__ndk1::allocator<char>> const&, facebook::react::JavaTurboModule::InitParams const&))
  
  ld.lld: error: undefined symbol: std::__ndk1::basic_string<char, std::__ndk1::char_traits<char>, std::__ndk1::allocator<char>>::~basic_string()
  >>> referenced by OnLoad.cpp:75 (C:/Users/AVTAR Singh/Documents/physio-admin/node_modules/react-native/ReactAndroid/cmake-utils/default-app-setup/OnLoad.cpp:75)
  >>>               CMakeFiles/appmodules.dir/OnLoad.cpp.o:(facebook::react::cxxModuleProvider(std::__ndk1::basic_string<char, std::__ndk1::char_traits<char>, 
std::__ndk1::allocator<char>> const&, std::__ndk1::shared_ptr<facebook::react::CallInvoker> const&))
  >>> referenced by OnLoad.cpp:75 (C:/Users/AVTAR Singh/Documents/physio-admin/node_modules/react-native/ReactAndroid/cmake-utils/default-app-setup/OnLoad.cpp:75)
  >>>               CMakeFiles/appmodules.dir/OnLoad.cpp.o:(facebook::react::cxxModuleProvider(std::__ndk1::basic_string<char, std::__ndk1::char_traits<char>, 
std::__ndk1::allocator<char>> const&, std::__ndk1::shared_ptr<facebook::react::CallInvoker> const&))
  >>> referenced by AsyncStorageSpec-generated.cpp:72 (C:/Users/AVTAR 
Singh/Documents/physio-admin/node_modules/@react-native-async-storage/async-storage/android/build/generated/source/codegen/jni/AsyncStorageSpec-generated.cpp:72)
  >>>               AsyncStorageSpec_autolinked_build/CMakeFiles/react_codegen_AsyncStorageSpec.dir/AsyncStorageSpec-generated.cpp.o:(facebook::react::NativeAsyncStorageSpecJSI::Nati
veAsyncStorageSpecJSI(facebook::react::JavaTurboModule::InitParams const&))
  >>> referenced 70 more times
  
  ld.lld: error: undefined symbol: std::__ndk1::basic_string<char, std::__ndk1::char_traits<char>, std::__ndk1::allocator<char>>::__init(char const*, unsigned long)
  >>> referenced by string:954 (C:/Users/AVTAR Singh/AppData/Local/Android/Sdk/ndk/27.1.12297006/toolchains/llvm/prebuilt/windows-x86_64/sysroot/usr/include/c++/v1/string:954)
  >>>               AsyncStorageSpec_autolinked_build/CMakeFiles/react_codegen_AsyncStorageSpec.dir/AsyncStorageSpec-generated.cpp.o:(std::__ndk1::basic_string<char, 
std::__ndk1::char_traits<char>, std::__ndk1::allocator<char>>::basic_string[abi:ne180000]<0>(char const*))
  
  ld.lld: error: undefined symbol: operator delete(void*)
  >>> referenced by function.h:250 (C:/Users/AVTAR 
Singh/AppData/Local/Android/Sdk/ndk/27.1.12297006/toolchains/llvm/prebuilt/windows-x86_64/sysroot/usr/include/c++/v1/__functional/function.h:250)
  >>>               CMakeFiles/appmodules.dir/OnLoad.cpp.o:(std::__ndk1::__function::__func<JNI_OnLoad::$_0, std::__ndk1::allocator<JNI_OnLoad::$_0>, void ()>::~__func())
  >>> referenced by AsyncStorageSpec.h:22 (C:/Users/AVTAR 
Singh/Documents/physio-admin/node_modules/@react-native-async-storage/async-storage/android/build/generated/source/codegen/jni/AsyncStorageSpec.h:22)
  >>>               AsyncStorageSpec_autolinked_build/CMakeFiles/react_codegen_AsyncStorageSpec.dir/AsyncStorageSpec-generated.cpp.o:(facebook::react::NativeAsyncStorageSpecJSI::~Nat
iveAsyncStorageSpecJSI())
  >>> referenced by function.h:250 (C:/Users/AVTAR 
Singh/AppData/Local/Android/Sdk/ndk/27.1.12297006/toolchains/llvm/prebuilt/windows-x86_64/sysroot/usr/include/c++/v1/__functional/function.h:250)
  >>>               CMakeFiles/appmodules.dir/OnLoad.cpp.o:(std::__ndk1::__function::__func<std::__ndk1::shared_ptr<facebook::react::TurboModule> (*)(std::__ndk1::basic_string<char, 
std::__ndk1::char_traits<char>, std::__ndk1::allocator<char>> const&, std::__ndk1::shared_ptr<facebook::react::CallInvoker> const&), 
std::__ndk1::allocator<std::__ndk1::shared_ptr<facebook::react::TurboModule> (*)(std::__ndk1::basic_string<char, std::__ndk1::char_traits<char>, std::__ndk1::allocator<char>> 
const&, std::__ndk1::shared_ptr<facebook::react::CallInvoker> const&)>, std::__ndk1::shared_ptr<facebook::react::TurboModule> (std::__ndk1::basic_string<char, 
std::__ndk1::char_traits<char>, std::__ndk1::allocator<char>> const&, std::__ndk1::shared_ptr<facebook::react::CallInvoker> const&)>::~__func())
  >>> referenced 5 more times
  
  ld.lld: error: undefined symbol: __cxa_begin_catch
  >>> referenced by AsyncStorageSpec-generated.cpp
  >>>               AsyncStorageSpec_autolinked_build/CMakeFiles/react_codegen_AsyncStorageSpec.dir/AsyncStorageSpec-generated.cpp.o:(__clang_call_terminate)
  
  ld.lld: error: undefined symbol: std::terminate()
  >>> referenced by AsyncStorageSpec-generated.cpp
  >>>               AsyncStorageSpec_autolinked_build/CMakeFiles/react_codegen_AsyncStorageSpec.dir/AsyncStorageSpec-generated.cpp.o:(__clang_call_terminate)
  
  ld.lld: error: undefined symbol: __cxa_allocate_exception
  >>> referenced by new:174 (C:/Users/AVTAR Singh/AppData/Local/Android/Sdk/ndk/27.1.12297006/toolchains/llvm/prebuilt/windows-x86_64/sysroot/usr/include/c++/v1/new:174)
  >>>               
AsyncStorageSpec_autolinked_build/CMakeFiles/react_codegen_AsyncStorageSpec.dir/AsyncStorageSpec-generated.cpp.o:(std::__throw_bad_array_new_length[abi:ne180000]())
  >>> referenced by stdexcept:241 (C:/Users/AVTAR Singh/AppData/Local/Android/Sdk/ndk/27.1.12297006/toolchains/llvm/prebuilt/windows-x86_64/sysroot/usr/include/c++/v1/stdexcept:241)
  >>>               
AsyncStorageSpec_autolinked_build/CMakeFiles/react_codegen_AsyncStorageSpec.dir/AsyncStorageSpec-generated.cpp.o:(std::__ndk1::__throw_length_error[abi:ne180000](char const*))
  
  ld.lld: error: undefined symbol: std::bad_array_new_length::bad_array_new_length()
  >>> referenced by new:174 (C:/Users/AVTAR Singh/AppData/Local/Android/Sdk/ndk/27.1.12297006/toolchains/llvm/prebuilt/windows-x86_64/sysroot/usr/include/c++/v1/new:174)
  >>>               
AsyncStorageSpec_autolinked_build/CMakeFiles/react_codegen_AsyncStorageSpec.dir/AsyncStorageSpec-generated.cpp.o:(std::__throw_bad_array_new_length[abi:ne180000]())
  
  ld.lld: error: undefined symbol: typeinfo for std::bad_array_new_length
  >>> referenced by new:174 (C:/Users/AVTAR Singh/AppData/Local/Android/Sdk/ndk/27.1.12297006/toolchains/llvm/prebuilt/windows-x86_64/sysroot/usr/include/c++/v1/new:174)
  >>>               
AsyncStorageSpec_autolinked_build/CMakeFiles/react_codegen_AsyncStorageSpec.dir/AsyncStorageSpec-generated.cpp.o:(std::__throw_bad_array_new_length[abi:ne180000]())
  >>> referenced by new:174 (C:/Users/AVTAR Singh/AppData/Local/Android/Sdk/ndk/27.1.12297006/toolchains/llvm/prebuilt/windows-x86_64/sysroot/usr/include/c++/v1/new:174)
  >>>               
AsyncStorageSpec_autolinked_build/CMakeFiles/react_codegen_AsyncStorageSpec.dir/AsyncStorageSpec-generated.cpp.o:(std::__throw_bad_array_new_length[abi:ne180000]())
  
  ld.lld: error: undefined symbol: std::bad_array_new_length::~bad_array_new_length()
  >>> referenced by new:174 (C:/Users/AVTAR Singh/AppData/Local/Android/Sdk/ndk/27.1.12297006/toolchains/llvm/prebuilt/windows-x86_64/sysroot/usr/include/c++/v1/new:174)
  >>>               
AsyncStorageSpec_autolinked_build/CMakeFiles/react_codegen_AsyncStorageSpec.dir/AsyncStorageSpec-generated.cpp.o:(std::__throw_bad_array_new_length[abi:ne180000]())
  >>> referenced by new:174 (C:/Users/AVTAR Singh/AppData/Local/Android/Sdk/ndk/27.1.12297006/toolchains/llvm/prebuilt/windows-x86_64/sysroot/usr/include/c++/v1/new:174)
  >>>               
AsyncStorageSpec_autolinked_build/CMakeFiles/react_codegen_AsyncStorageSpec.dir/AsyncStorageSpec-generated.cpp.o:(std::__throw_bad_array_new_length[abi:ne180000]())
  
  ld.lld: error: undefined symbol: __cxa_throw
  >>> referenced by new:174 (C:/Users/AVTAR Singh/AppData/Local/Android/Sdk/ndk/27.1.12297006/toolchains/llvm/prebuilt/windows-x86_64/sysroot/usr/include/c++/v1/new:174)
  >>>               
AsyncStorageSpec_autolinked_build/CMakeFiles/react_codegen_AsyncStorageSpec.dir/AsyncStorageSpec-generated.cpp.o:(std::__throw_bad_array_new_length[abi:ne180000]())
  >>> referenced by stdexcept:241 (C:/Users/AVTAR Singh/AppData/Local/Android/Sdk/ndk/27.1.12297006/toolchains/llvm/prebuilt/windows-x86_64/sysroot/usr/include/c++/v1/stdexcept:241)
  >>>               
AsyncStorageSpec_autolinked_build/CMakeFiles/react_codegen_AsyncStorageSpec.dir/AsyncStorageSpec-generated.cpp.o:(std::__ndk1::__throw_length_error[abi:ne180000](char const*))
  
  ld.lld: error: undefined symbol: operator new(unsigned long, std::align_val_t)
  >>> referenced by new:271 (C:/Users/AVTAR Singh/AppData/Local/Android/Sdk/ndk/27.1.12297006/toolchains/llvm/prebuilt/windows-x86_64/sysroot/usr/include/c++/v1/new:271)
  >>>               AsyncStorageSpec_autolinked_build/CMakeFiles/react_codegen_AsyncStorageSpec.dir/AsyncStorageSpec-generated.cpp.o:(void* 
std::__ndk1::__libcpp_operator_new[abi:ne180000]<unsigned long, std::align_val_t>(unsigned long, std::align_val_t))
  
  ld.lld: error: undefined symbol: operator new(unsigned long)
  >>> referenced by new:271 (C:/Users/AVTAR Singh/AppData/Local/Android/Sdk/ndk/27.1.12297006/toolchains/llvm/prebuilt/windows-x86_64/sysroot/usr/include/c++/v1/new:271)
  >>>               AsyncStorageSpec_autolinked_build/CMakeFiles/react_codegen_AsyncStorageSpec.dir/AsyncStorageSpec-generated.cpp.o:(void* 
std::__ndk1::__libcpp_operator_new[abi:ne180000]<unsigned long>(unsigned long))
  
  ld.lld: error: undefined symbol: std::__ndk1::__next_prime(unsigned long)
  >>> referenced by __hash_table:1657 (C:/Users/AVTAR 
Singh/AppData/Local/Android/Sdk/ndk/27.1.12297006/toolchains/llvm/prebuilt/windows-x86_64/sysroot/usr/include/c++/v1/__hash_table:1657)
  >>>               AsyncStorageSpec_autolinked_build/CMakeFiles/react_codegen_AsyncStorageSpec.dir/AsyncStorageSpec-generated.cpp.o:(void 
std::__ndk1::__hash_table<std::__ndk1::__hash_value_type<std::__ndk1::basic_string<char, std::__ndk1::char_traits<char>, std::__ndk1::allocator<char>>, 
facebook::react::TurboModule::MethodMetadata>, std::__ndk1::__unordered_map_hasher<std::__ndk1::basic_string<char, std::__ndk1::char_traits<char>, std::__ndk1::allocator<char>>, 
std::__ndk1::__hash_value_type<std::__ndk1::basic_string<char, std::__ndk1::char_traits<char>, std::__ndk1::allocator<char>>, facebook::react::TurboModule::MethodMetadata>, 
std::__ndk1::hash<std::__ndk1::basic_string<char, std::__ndk1::char_traits<char>, std::__ndk1::allocator<char>>>, std::__ndk1::equal_to<std::__ndk1::basic_string<char, 
std::__ndk1::char_traits<char>, std::__ndk1::allocator<char>>>, true>, std::__ndk1::__unordered_map_equal<std::__ndk1::basic_string<char, std::__ndk1::char_traits<char>, 
std::__ndk1::allocator<char>>, std::__ndk1::__hash_value_type<std::__ndk1::basic_string<char, std::__ndk1::char_traits<char>, std::__ndk1::allocator<char>>, 
facebook::react::TurboModule::MethodMetadata>, std::__ndk1::equal_to<std::__ndk1::basic_string<char, std::__ndk1::char_traits<char>, std::__ndk1::allocator<char>>>, 
std::__ndk1::hash<std::__ndk1::basic_string<char, std::__ndk1::char_traits<char>, std::__ndk1::allocator<char>>>, true>, 
std::__ndk1::allocator<std::__ndk1::__hash_value_type<std::__ndk1::basic_string<char, std::__ndk1::char_traits<char>, std::__ndk1::allocator<char>>, 
facebook::react::TurboModule::MethodMetadata>>>::__rehash<true>(unsigned long))
  >>> referenced by __hash_table:1665 (C:/Users/AVTAR 
Singh/AppData/Local/Android/Sdk/ndk/27.1.12297006/toolchains/llvm/prebuilt/windows-x86_64/sysroot/usr/include/c++/v1/__hash_table:1665)
  >>>               AsyncStorageSpec_autolinked_build/CMakeFiles/react_codegen_AsyncStorageSpec.dir/AsyncStorageSpec-generated.cpp.o:(void 
std::__ndk1::__hash_table<std::__ndk1::__hash_value_type<std::__ndk1::basic_string<char, std::__ndk1::char_traits<char>, std::__ndk1::allocator<char>>, 
facebook::react::TurboModule::MethodMetadata>, std::__ndk1::__unordered_map_hasher<std::__ndk1::basic_string<char, std::__ndk1::char_traits<char>, std::__ndk1::allocator<char>>, 
std::__ndk1::__hash_value_type<std::__ndk1::basic_string<char, std::__ndk1::char_traits<char>, std::__ndk1::allocator<char>>, facebook::react::TurboModule::MethodMetadata>, 
std::__ndk1::hash<std::__ndk1::basic_string<char, std::__ndk1::char_traits<char>, std::__ndk1::allocator<char>>>, std::__ndk1::equal_to<std::__ndk1::basic_string<char, 
std::__ndk1::char_traits<char>, std::__ndk1::allocator<char>>>, true>, std::__ndk1::__unordered_map_equal<std::__ndk1::basic_string<char, std::__ndk1::char_traits<char>, 
std::__ndk1::allocator<char>>, std::__ndk1::__hash_value_type<std::__ndk1::basic_string<char, std::__ndk1::char_traits<char>, std::__ndk1::allocator<char>>, 
facebook::react::TurboModule::MethodMetadata>, std::__ndk1::equal_to<std::__ndk1::basic_string<char, std::__ndk1::char_traits<char>, std::__ndk1::allocator<char>>>, 
std::__ndk1::hash<std::__ndk1::basic_string<char, std::__ndk1::char_traits<char>, std::__ndk1::allocator<char>>>, true>, 
std::__ndk1::allocator<std::__ndk1::__hash_value_type<std::__ndk1::basic_string<char, std::__ndk1::char_traits<char>, std::__ndk1::allocator<char>>, 
facebook::react::TurboModule::MethodMetadata>>>::__rehash<true>(unsigned long))
  
  ld.lld: error: undefined symbol: operator delete(void*, std::align_val_t)
  >>> referenced by new:280 (C:/Users/AVTAR Singh/AppData/Local/Android/Sdk/ndk/27.1.12297006/toolchains/llvm/prebuilt/windows-x86_64/sysroot/usr/include/c++/v1/new:280)
  >>>               AsyncStorageSpec_autolinked_build/CMakeFiles/react_codegen_AsyncStorageSpec.dir/AsyncStorageSpec-generated.cpp.o:(void 
std::__ndk1::__libcpp_operator_delete[abi:ne180000]<void*, std::align_val_t>(void*, std::align_val_t))
  
  ld.lld: error: undefined symbol: std::__ndk1::__shared_weak_count::~__shared_weak_count()
  >>> referenced by shared_ptr.h:263 (C:/Users/AVTAR 
Singh/AppData/Local/Android/Sdk/ndk/27.1.12297006/toolchains/llvm/prebuilt/windows-x86_64/sysroot/usr/include/c++/v1/__memory/shared_ptr.h:263)
  >>>               AsyncStorageSpec_autolinked_build/CMakeFiles/react_codegen_AsyncStorageSpec.dir/AsyncStorageSpec-generated.cpp.o:(std::__ndk1::__shared_ptr_emplace<facebook::reac
t::NativeAsyncStorageSpecJSI, std::__ndk1::allocator<facebook::react::NativeAsyncStorageSpecJSI>>::__shared_ptr_emplace[abi:ne180000]<facebook::react::JavaTurboModule::InitParams 
const&, std::__ndk1::allocator<facebook::react::NativeAsyncStorageSpecJSI>, 0>(std::__ndk1::allocator<facebook::react::NativeAsyncStorageSpecJSI>, 
facebook::react::JavaTurboModule::InitParams const&))
  >>> referenced by shared_ptr.h:246 (C:/Users/AVTAR 
Singh/AppData/Local/Android/Sdk/ndk/27.1.12297006/toolchains/llvm/prebuilt/windows-x86_64/sysroot/usr/include/c++/v1/__memory/shared_ptr.h:246)
  >>>               AsyncStorageSpec_autolinked_build/CMakeFiles/react_codegen_AsyncStorageSpec.dir/AsyncStorageSpec-generated.cpp.o:(std::__ndk1::__shared_ptr_emplace<facebook::reac
t::NativeAsyncStorageSpecJSI, std::__ndk1::allocator<facebook::react::NativeAsyncStorageSpecJSI>>::~__shared_ptr_emplace())
  
  ld.lld: error: undefined symbol: vtable for std::__ndk1::__shared_weak_count
  >>> referenced by shared_ptr.h:169 (C:/Users/AVTAR 
Singh/AppData/Local/Android/Sdk/ndk/27.1.12297006/toolchains/llvm/prebuilt/windows-x86_64/sysroot/usr/include/c++/v1/__memory/shared_ptr.h:169)
  >>>               AsyncStorageSpec_autolinked_build/CMakeFiles/react_codegen_AsyncStorageSpec.dir/AsyncStorageSpec-generated.cpp.o:(std::__ndk1::__shared_weak_count::__shared_weak_
count[abi:ne180000](long))
  >>> referenced by shared_ptr.h:169 (C:/Users/AVTAR 
Singh/AppData/Local/Android/Sdk/ndk/27.1.12297006/toolchains/llvm/prebuilt/windows-x86_64/sysroot/usr/include/c++/v1/__memory/shared_ptr.h:169)
  >>>               AsyncStorageSpec_autolinked_build/CMakeFiles/react_codegen_AsyncStorageSpec.dir/AsyncStorageSpec-generated.cpp.o:(std::__ndk1::__shared_weak_count::__shared_weak_
count[abi:ne180000](long))
  >>> the vtable symbol may be undefined because the class is missing its key function (see https://lld.llvm.org/missingkeyfunction)
  
  ld.lld: error: undefined symbol: vtable for std::__ndk1::__shared_count
  >>> referenced by shared_ptr.h:145 (C:/Users/AVTAR 
Singh/AppData/Local/Android/Sdk/ndk/27.1.12297006/toolchains/llvm/prebuilt/windows-x86_64/sysroot/usr/include/c++/v1/__memory/shared_ptr.h:145)
  >>>               
AsyncStorageSpec_autolinked_build/CMakeFiles/react_codegen_AsyncStorageSpec.dir/AsyncStorageSpec-generated.cpp.o:(std::__ndk1::__shared_count::__shared_count[abi:ne180000](long))
  >>> referenced by shared_ptr.h:145 (C:/Users/AVTAR 
Singh/AppData/Local/Android/Sdk/ndk/27.1.12297006/toolchains/llvm/prebuilt/windows-x86_64/sysroot/usr/include/c++/v1/__memory/shared_ptr.h:145)
  >>>               
AsyncStorageSpec_autolinked_build/CMakeFiles/react_codegen_AsyncStorageSpec.dir/AsyncStorageSpec-generated.cpp.o:(std::__ndk1::__shared_count::__shared_count[abi:ne180000](long))
  >>> the vtable symbol may be undefined because the class is missing its key function (see https://lld.llvm.org/missingkeyfunction)
  
  ld.lld: error: undefined symbol: std::__ndk1::__shared_weak_count::__release_weak()
  >>> referenced by shared_ptr.h:184 (C:/Users/AVTAR 
Singh/AppData/Local/Android/Sdk/ndk/27.1.12297006/toolchains/llvm/prebuilt/windows-x86_64/sysroot/usr/include/c++/v1/__memory/shared_ptr.h:184)
  >>>               
AsyncStorageSpec_autolinked_build/CMakeFiles/react_codegen_AsyncStorageSpec.dir/AsyncStorageSpec-generated.cpp.o:(std::__ndk1::__shared_weak_count::__release_shared[abi:ne180000]())
  
  ld.lld: error: undefined symbol: vtable for __cxxabiv1::__class_type_info
  >>> referenced by OnLoad.cpp
  >>>               CMakeFiles/appmodules.dir/OnLoad.cpp.o:(typeinfo for std::__ndk1::__function::__base<void ()>)
  >>> referenced by OnLoad.cpp
  >>>               CMakeFiles/appmodules.dir/OnLoad.cpp.o:(typeinfo for std::__ndk1::__function::__base<std::__ndk1::shared_ptr<facebook::react::TurboModule> 
(std::__ndk1::basic_string<char, std::__ndk1::char_traits<char>, std::__ndk1::allocator<char>> const&, std::__ndk1::shared_ptr<facebook::react::CallInvoker> const&)>)
  >>> referenced by OnLoad.cpp
  >>>               CMakeFiles/appmodules.dir/OnLoad.cpp.o:(typeinfo for std::__ndk1::__function::__base<std::__ndk1::shared_ptr<facebook::react::TurboModule> 
(std::__ndk1::basic_string<char, std::__ndk1::char_traits<char>, std::__ndk1::allocator<char>> const&, facebook::react::JavaTurboModule::InitParams const&)>)
  >>> referenced 4 more times
  >>> the vtable symbol may be undefined because the class is missing its key function (see https://lld.llvm.org/missingkeyfunction)
  
  ld.lld: error: too many errors emitted, stopping now (use --error-limit=0 to see all errors)
  CLANG_~1: error: linker command failed with exit code 1 (use -v to see invocation)
  ninja: build stopped: subcommand failed.
  
  C++ build system [build] failed while executing:
      @echo off
      "C:\\Users\\AVTAR Singh\\AppData\\Local\\Android\\Sdk\\cmake\\3.22.1\\bin\\ninja.exe" ^
        -C ^
        "C:\\Users\\AVTAR Singh\\Documents\\physio-admin\\android\\app\\.cxx\\Debug\\5fi314z5\\arm64-v8a" ^
        appmodules
    from C:\Users\AVTAR Singh\Documents\physio-admin\android\app

* Try:
> Run with --stacktrace option to get the stack trace.
> Run with --info or --debug option to get more log output.
> Run with --scan to get full insights from a Build Scan (powered by Develocity).
> Get more help at https://help.gradle.org.

Deprecated Gradle features were used in this build, making it incompatible with Gradle 10.

You can use '--warning-mode all' to show the individual deprecation warnings and determine if they come from your own scripts or plugins.

For more on this, please refer to https://docs.gradle.org/9.3.1/userguide/command_line_interface.html#sec:command_line_warnings in the Gradle documentation.

BUILD FAILED in 1m 7s
159 actionable tasks: 5 executed, 154 up-to-date
